[anam.co/index0a30.html]
[backblue.gif]
[fade.gif]
[index.html]
[anam.co/assets/built/screen4124.css]
[anam.co/favicon.png]
[anam.co/public/ghost-sdk.min4124.js]
[anam.co/content/images/2018/06/bloglogo-1.png]
[anam.co/content/images/2019/04/IMG_20190303_133003.jpg]
[anam.co/how-to-conduct-coding-interviews/index.html]
[anam.co/author/anam/index.html]
[anam.co/lessons-i-learned-trying-to-record-video-streams-from-the-frontend-best-practices/index.html]
[anam.co/baijnyaanik-klpkaahinii-simbi/index.html]
[anam.co/otp-verification-without-using-a-database/index.html]
[anam.co/webrtc-simplified-part2/index.html]
[anam.co/webrtc-simplified-part1/index.html]
[anam.co/chennai-tour-blog/index.html]
[anam.co/indian-visa-from-bangladesh/index.html]
[anam.co/one-of-the-biggest-scaling-challenges-in-my-career/index.html]
[code.jquery.com/jquery-3.2.1.min.js]
[anam.co/css-position-sticky-in-bangla/index.html]
[anam.co/assets/js/jquery.fitvids4124.js]
[anam.co/css-scroll-snap-in-bangla/index.html]
[anam.co/index0a30.html]
[anam.co/assets/built/screen4124.css]
[anam.co/assets/js/infinitescroll4124.js]
[anam.co/easy-wordpress-development-with-docker/index.html]
[anam.co/the-era-of-software-descrimination/index.html]
[anam.co/serverless-data-sharing-inside-url/index.html]
[anam.co/getting-started-with-heroku-and-node/index.html]
[anam.co/updating-to-mojave/index.html]
[anam.co/get-my-linux-course-for-free/index.html]
[anam.co/http2-in-bangla/index.html]
[anam.co/i-moved-to-ios/index.html]
[anam.co/buying-a-washing-machine-in-south-asia/index.html]
[anam.co/upgrading-dockerized-ghost-to-ghost-v2/index.html]
[anamsblog.disqus.com/embed.js]
[anam.co/content/images/2018/06/blogfav-1.png]
[anam.co/how-to-conduct-coding-interviews/index.html]
[anam.co/author/anam/index.html]
[anam.co/lessons-i-learned-trying-to-record-video-streams-from-the-frontend-best-practices/index.html]
[anam.co/inverter-ac-vs-conventional-ac/index.html]
[anam.co/baijnyaanik-klpkaahinii-simbi/index.html]
[anam.co/css-variables-introduction/index.html]
[anam.co/progressive-web-apps-with-create-react-app/index.html]
[anam.co/mastering-css-shadows/index.html]
[anam.co/tag/english/index.html]
[anam.co/content/images/2019/10/Untitled-Diagram.jpg]
[anam.co/tag/webrtc/index.html]
[anam.co/tag/sms/index.html]
[gist.github.com/theanam/053b9129649d52368911d4d9c02d2af1.js]
[anam.co/otp-verification-without-using-a-database/index.html]
[anam.co/webrtc-simplified-part2/index.html]
[gist.github.com/theanam/4f687fa747114ab6518e96d4c0cdee3c.js]
[anam.co/content/images/2019/04/Screenshot-2019-04-10-at-5.43.03-PM.png]
[anam.co/webrtc-simplified-part1/index.html]
[blog.anam.co/content/images/2019/04/IMG_20190303_133003.jpg]
[anam.co/content/images/2019/04/IMG_1951.jpg]
[anam.co/content/images/2019/04/IMG_20190226_175024-3.jpg]
[anam.co/content/images/2019/04/Screen-Shot-2019-04-06-at-3.12.14-AM.png]
[anam.co/tag/bangla/index.html]
[anam.co/content/images/2019/04/Screen-Shot-2019-04-07-at-9.43.03-PM.png]
[anam.co/chennai-tour-blog/index.html]
[anam.co/indian-visa-from-bangladesh/index.html]
[anam.co/one-of-the-biggest-scaling-challenges-in-my-career/index.html]
[anam.co/css-rem-em-vw-vh-calc/index.html]
[anam.co/css-position-sticky-in-bangla/index.html]
[anam.co/markdown-in-bangla/index.html]
[anam.co/css-scroll-snap-in-bangla/index.html]
[anam.co/my-brand-new-ac-compressor-was-frequently-turning-off-the-room-was-not-cool-enough-and-i-learned-from-it/index.html]
[anam.co/tag/story/index.html]
[anam.co/tag/css/index.html]
[anam.co/content/images/2018/10/Screen-Shot-2018-10-18-at-4.06.51-AM.png]
[anam.co/easy-wordpress-development-with-docker/index.html]
[anam.co/the-era-of-software-descrimination/index.html]
[anam.co/serverless-data-sharing-inside-url/index.html]
[anam.co/tag/docker/index.html]
[anam.co/dealing-with-drupal-8-cache-from-outside-without-drush/index.html]
[anam.co/getting-started-with-heroku-and-node/index.html]
[anam.co/tag/opinion/index.html]
[anam.co/vpn-in-10-minutes/index.html]
[anam.co/updating-to-mojave/index.html]
[anam.co/tag/javascript/index.html]
[anam.co/http2-in-bangla/index.html]
[anam.co/get-my-linux-course-for-free/index.html]
[anam.co/providing-a-client-side-download-with-javascript-and-html5/index.html]
[anam.co/tag/devops/index.html]
[anam.co/tag/satire/index.html]
[anam.co/tag/review/index.html]
[anam.co/content/images/2018/09/Screenshot_20180901-222124-1.jpg]
[anam.co/i-moved-to-ios/index.html]
[anam.co/content/images/2018/08/Speed_Queen_washers_-_dryers_in_a_store.jpg]
[anam.co/content/images/2018/08/lee-kurth-758193-unsplash.jpg]
[anam.co/tag/diy/index.html]
[anam.co/content/images/2018/08/images.jpg]
[anam.co/buying-a-washing-machine-in-south-asia/index.html]
[anam.co/what-i-learned-from-repairing-my-own-electronics/index.html]
[anam.co/content/images/2018/08/Screen-Shot-2018-08-26-at-2.03.59-AM.png]
[anam.co/upgrading-dockerized-ghost-to-ghost-v2/index.html]
[anam.co/tag/ghost-tag/index.html]
[anam.co/migrating-my-blog-from-drupal-to-ghost/index.html]
[anam.co/content/images/2018/08/energy.png]
[anam.co/inverter-ac-vs-conventional-ac/index.html]
[anam.co/content/images/2020/02/Screenshot-2020-02-18-at-3.53.30-PM.png]
[anam.co/ghost-just-a-blogging-platform-full-of-awesomeness/index.html]
[anam.co/content/images/2020/02/Screenshot-2020-02-18-at-3.56.28-PM.png]
[anam.co/progressive-web-apps-with-create-react-app/index.html]
[anam.co/css-variables-introduction/index.html]
[anam.co/content/images/2018/08/shadowblur.png]
[anam.co/content/images/2018/08/Screen-Shot-2018-08-10-at-11.19.55-PM.png]
[anam.co/mastering-css-shadows/index.html]
[anam.co/content/images/2018/06/blogcover.jpg]
[anam.co/tag/english/index.html]
[anam.co/tag/webrtc/index.html]
[anam.co/easier-drupal-development-with-docker/index.html]
[anam.co/tag/sms/index.html]
[anam.co/an-uncomplicated-introduction-to-firewall-in-linux/index.html]
[anam.co/tag/bangla/index.html]
[anam.co/ngrok-alternative-with-ssh/index.html]
[anam.co/develop-for-the-browser-inside-the-browser/index.html]
[anam.co/css-rem-em-vw-vh-calc/index.html]
[anam.co/markdown-in-bangla/index.html]
[anam.co/tag/story/index.html]
[anam.co/my-brand-new-ac-compressor-was-frequently-turning-off-the-room-was-not-cool-enough-and-i-learned-from-it/index.html]
[static.codepen.io/assets/embed/ei.js]
[anam.co/tag/css/index.html]
[anam.co/tag/markdown/index.html]
[anam.co/tag/docker/index.html]
[anam.co/fix-google-webfont-problem-in-firefox-old/index.html]
[anam.co/tag/electronics/index.html]
[anam.co/docker-in-bangla/index.html]
[anam.co/css-cubic-bezier-simplified/index.html]
[anam.co/content/images/2018/08/Screen-Shot-2018-08-06-at-9.06.48-PM.png]
[anam.co/tag/linux/index.html]
[anam.co/content/images/2018/08/Screen-Shot-2018-08-06-at-10.54.35-PM.png]
[anam.co/content/images/2018/08/Screen-Shot-2018-08-06-at-10.59.21-PM.png]
[anam.co/content/images/2018/08/Screen-Shot-2018-08-06-at-11.26.55-PM.png]
[anam.co/content/images/2018/08/Screen-Shot-2018-08-06-at-11.31.27-PM.png]
[anam.co/vpn-in-10-minutes/index.html]
[anam.co/content/images/2018/07/Screen-Shot-2018-07-10-at-5.26.33-PM.png]
[anam.co/dealing-with-drupal-8-cache-from-outside-without-drush/index.html]
[anam.co/tag/opinion/index.html]
[anam.co/tag/javascript/index.html]
[anam.co/providing-a-client-side-download-with-javascript-and-html5/index.html]
[anam.co/tag/devops/index.html]
[anam.co/tag/review/index.html]
[anam.co/tag/satire/index.html]
[anam.co/tag/diy/index.html]
[blog.anam.co/content/images/2018/06/blogcover.jpg]
[anam.co/content/images/2018/06/IMG_20180609_070033--1-.jpg]
[anam.co/content/images/2018/06/IMG_20180626_234900.jpg]
[anam.co/content/images/2018/06/Screen-Shot-2018-06-30-at-4.27.00-AM.png]
[anam.co/content/images/2018/06/Screen-Shot-2018-06-30-at-4.41.49-AM.png]
[anam.co/what-i-learned-from-repairing-my-own-electronics/index.html]
[anam.co/tag/ghost-tag/index.html]
[anam.co/content/images/2018/06/Screen-Shot-2018-06-25-at-6.34.11-AM.png]
[anam.co/migrating-my-blog-from-drupal-to-ghost/index.html]
[anam.co/content/images/2018/07/Screen-Shot-2018-07-08-at-4.14.01-AM.png]
[anam.co/content/images/2018/07/Screen-Shot-2018-07-08-at-4.13.17-AM.png]
[anam.co/content/images/2018/07/Screen-Shot-2018-07-08-at-4.16.25-AM.png]
[anam.co/ghost-just-a-blogging-platform-full-of-awesomeness/index.html]
[casper.ghost.org/v1.0.0/images/blog-cover.jpg]
[anam.co/use-dd-for-creating-bootable-usb-stick-from-any-disk-image/index.html]
[anam.co/cdn-cgi/l/email-protection.html]
[anam.co/content/images/2018/07/Screen-Shot-2018-07-15-at-6.10.17-AM.png]
[anam.co/ngrok-alternative-with-ssh/index.html]
[anam.co/cdn-cgi/scripts/5c5dd728/cloudflare-static/email-decode.min.js]
[anam.co/content/images/2018/07/Screen-Shot-2018-07-08-at-4.47.12-AM.png]
[anam.co/easier-drupal-development-with-docker/index.html]
[anam.co/content/images/2018/06/Screen-Shot-2018-06-25-at-3.17.55-PM.png]
[anam.co/an-uncomplicated-introduction-to-firewall-in-linux/index.html]
[anam.co/tag/devtool/index.html]
[anam.co/assets/br1.png/index.html]
[anam.co/develop-for-the-browser-inside-the-browser/index.html]
[anam.co/tag/markdown/index.html]
[anam.co/assets/br2.png/index.html]
[anam.co/assets/br3.png/index.html]
[anam.co/fix-google-webfont-problem-in-firefox-old/index.html]
[anam.co/tag/electronics/index.html]
[anam.co/assets/br4.png/index.html]
[anam.co/firefox-os-development-bangla/index.html]
[anam.co/tag/firefox/index.html]
[anam.co/css-cubic-bezier-simplified/index.html]
[anam.co/docker-in-bangla/index.html]
[anam.co/tag/linux/index.html]
[anam.co/use-dd-for-creating-bootable-usb-stick-from-any-disk-image/index.html]
[anam.co/cdn-cgi/l/email-protection.html]
[anam.co/assets/bezier1.png/index.html]
[anam.co/tag/devtool/index.html]
[anam.co/assets/br1.png/index.html]
[anam.co/assets/br2.png/index.html]
[anam.co/assets/br3.png/index.html]
[anam.co/assets/br4.png/index.html]
[anam.co/firefox-os-development-bangla/index.html]
[anam.co/tag/firefox/index.html]
[anam.co/assets/bezier1.png/index.html]
[anam.co/assets/bezier2.png/index.html]
[anam.co/assets/bezier2.png/index.html]
[anam.co/connectify-alternative-linux/index.html]
[anam.co/connectify-alternative-linux/index.html]
